// Jest Snapshot v1, https://goo.gl/fbAQLP

exports[`components/organisms/markdown should render 1`] = `
<div class="markdown-body">
  <h2 id="テストです">テストです</h2>
  <h3 id="テストです">テストです</h3>
  <p>引用符</p>
  <blockquote>
    <ul>
      <li>list1</li>
    </ul>
  </blockquote>
  <ul>
    <li>list2
      <ul>
        <li>nested 2-1</li>
        <li>nested 2-2
          <ul>
            <li>nested 2-2-1</li>
            <li>nested 2-2-2</li>
          </ul>
        </li>
      </ul>
    </li>
    <li>list3</li>
  </ul>
  <ol>
    <li>numberlist1</li>
    <li>numberlist2</li>
    <li>nested number 2-1</li>
    <li>nested number 2-2<br>
      1. nested number 2-2-1<br>
      2. nestednumber 2-2-2</li>
    <li>numberlist3</li>
  </ol>
  <p><a href="https://sa2taka.com" title="りんく">リンクテキスト</a></p>
  <p><s>打消し戦</s></p>
  <p><code class="hljsspan">code</code></p>
  <div class="filename">hoge.rb</div><code class="hljs ruby padding-for-filename">import <span class="hljs-string">'foo'</span>

puts <span class="hljs-string">'hoge'</span>

<span class="hljs-function"><span class="hljs-keyword">def</span> <span class="hljs-title">Fuga</span></span>
  foobar()
<span class="hljs-keyword">end</span>
</code>
  <hr>
  <table>
    <thead>
      <tr>
        <th>Header</th>
        <th>Header</th>
      </tr>
    </thead>
    <tbody>
      <tr>
        <td>Cell</td>
        <td>Cell</td>
      </tr>
      <tr>
        <td>Cell</td>
        <td>Cell</td>
      </tr>
    </tbody>
  </table>
</div>
`;
