// Jest Snapshot v1, https://goo.gl/fbAQLP

exports[`molecules/postIndex/index should render 1`] = `
<nav class="post-index">
  <div class="post-index_header"><span class="post-index_title">目次</span></div>
  <ol class="my-4 post-index_content">
    <li><a href="#テストです" class="index-link">テストです</a>
      <ul class="ml-5">
        <li><a href="#テストです" class="index-link">テストです</a></li>
      </ul>
    </li>
  </ol>
  <div class="post-index_footer"><span class="post-index_close-button"><v-btn icon="" aria-label="index close" class=""><v-icon>fa-chevron-up</v-icon></v-btn></span></div>
</nav>
`;
